time="2026-04-20T18:18:31+05:00" level=warning msg="Found orphan containers ([billing33tests]) for this project. If you removed or renamed this service in your compose file, you can run this command with the --remove-orphans flag to clean it up."
 Container ai-db-1 Running 
 Container ai-pgbouncer-1 Running 
 Container ai-redis-1 Running 
 Container ai-backend-1 Running 
 Container ai-frontend-1 Running 
 Container ai-nginx-1 Running 
 Container ai-db-1 Waiting 
 Container ai-db-1 Healthy 
 Container ai-pgbouncer-1 Waiting 
 Container ai-redis-1 Waiting 
 Container ai-redis-1 Healthy 
 Container ai-pgbouncer-1 Healthy 
 Container ai-backend-1 Waiting 
 Container ai-backend-1 Healthy 
 Container ai-frontend-1 Waiting 
 Container ai-backend-1 Waiting 
 Container ai-frontend-1 Healthy 
 Container ai-backend-1 Healthy 
 Container ai-nginx-1 Waiting 
 Container ai-backend-1 Waiting 
 Container ai-frontend-1 Waiting 
 Container ai-nginx-1 Healthy 
 Container ai-frontend-1 Healthy 
 Container ai-backend-1 Healthy 
 Container ai-frontend-tests-run-6852156e3b64 Creating 
 Container ai-frontend-tests-run-6852156e3b64 Created 

> ai-engineering-frontend@0.1.0 test:frontend
> node ./scripts/docker-only-run.mjs test:frontend __tests__/admin/CreateCohortPage.test.tsx


[7m[1m[36m RUN [39m[22m[27m [36mv1.6.1[39m [90m/app[39m

[90mstderr[2m | __tests__/admin/CreateCohortPage.test.tsx[2m > [22m[2mCreateCohortPage[2m > [22m[2mblocks next step when end date is before start date[22m[39m
Warning: An update to CreateCohortPage inside a test was not wrapped in act(...).

When testing, code that causes React state updates should be wrapped into act(...):

act(() => {
  /* fire events that update state */
});
/* assert on the output */

This ensures that you're testing the behavior the user would see in the browser. Learn more at https://reactjs.org/link/wrap-tests-with-act
    at CreateCohortPage (/app/app/(admin)/console/interventions/cohorts/create/page.tsx:23:49)

[90mstderr[2m | __tests__/admin/CreateCohortPage.test.tsx[2m > [22m[2mCreateCohortPage[2m > [22m[2mblocks next step when end date is before start date[22m[39m
Warning: An update to CreateCohortPage inside a test was not wrapped in act(...).

When testing, code that causes React state updates should be wrapped into act(...):

act(() => {
  /* fire events that update state */
});
/* assert on the output */

This ensures that you're testing the behavior the user would see in the browser. Learn more at https://reactjs.org/link/wrap-tests-with-act
    at CreateCohortPage (/app/app/(admin)/console/interventions/cohorts/create/page.tsx:23:49)

[90mstderr[2m | __tests__/admin/CreateCohortPage.test.tsx[2m > [22m[2mCreateCohortPage[2m > [22m[2mblocks next step when end date is before start date[22m[39m
Warning: An update to CreateCohortPage inside a test was not wrapped in act(...).

When testing, code that causes React state updates should be wrapped into act(...):

act(() => {
  /* fire events that update state */
});
/* assert on the output */

This ensures that you're testing the behavior the user would see in the browser. Learn more at https://reactjs.org/link/wrap-tests-with-act
    at CreateCohortPage (/app/app/(admin)/console/interventions/cohorts/create/page.tsx:23:49)

[90mstderr[2m | __tests__/admin/CreateCohortPage.test.tsx[2m > [22m[2mCreateCohortPage[2m > [22m[2mblocks next step when end date is before start date[22m[39m
Warning: An update to CreateCohortPage inside a test was not wrapped in act(...).

When testing, code that causes React state updates should be wrapped into act(...):

act(() => {
  /* fire events that update state */
});
/* assert on the output */

This ensures that you're testing the behavior the user would see in the browser. Learn more at https://reactjs.org/link/wrap-tests-with-act
    at CreateCohortPage (/app/app/(admin)/console/interventions/cohorts/create/page.tsx:23:49)

[90mstderr[2m | __tests__/admin/CreateCohortPage.test.tsx[2m > [22m[2mCreateCohortPage[2m > [22m[2mblocks next step when end date is before start date[22m[39m
Warning: An update to CreateCohortPage inside a test was not wrapped in act(...).

When testing, code that causes React state updates should be wrapped into act(...):

act(() => {
  /* fire events that update state */
});
/* assert on the output */

This ensures that you're testing the behavior the user would see in the browser. Learn more at https://reactjs.org/link/wrap-tests-with-act
    at CreateCohortPage (/app/app/(admin)/console/interventions/cohorts/create/page.tsx:23:49)

[90mstderr[2m | __tests__/admin/CreateCohortPage.test.tsx[2m > [22m[2mCreateCohortPage[2m > [22m[2mblocks next step when end date is before start date[22m[39m
Warning: An update to CreateCohortPage inside a test was not wrapped in act(...).

When testing, code that causes React state updates should be wrapped into act(...):

act(() => {
  /* fire events that update state */
});
/* assert on the output */

This ensures that you're testing the behavior the user would see in the browser. Learn more at https://reactjs.org/link/wrap-tests-with-act
    at CreateCohortPage (/app/app/(admin)/console/interventions/cohorts/create/page.tsx:23:49)

[90mstderr[2m | __tests__/admin/CreateCohortPage.test.tsx[2m > [22m[2mCreateCohortPage[2m > [22m[2mblocks next step when end date is before start date[22m[39m
Warning: An update to CreateCohortPage inside a test was not wrapped in act(...).

When testing, code that causes React state updates should be wrapped into act(...):

act(() => {
  /* fire events that update state */
});
/* assert on the output */

This ensures that you're testing the behavior the user would see in the browser. Learn more at https://reactjs.org/link/wrap-tests-with-act
    at CreateCohortPage (/app/app/(admin)/console/interventions/cohorts/create/page.tsx:23:49)

[90mstderr[2m | __tests__/admin/CreateCohortPage.test.tsx[2m > [22m[2mCreateCohortPage[2m > [22m[2mblocks next step when end date is before start date[22m[39m
Warning: An update to CreateCohortPage inside a test was not wrapped in act(...).

When testing, code that causes React state updates should be wrapped into act(...):

act(() => {
  /* fire events that update state */
});
/* assert on the output */

This ensures that you're testing the behavior the user would see in the browser. Learn more at https://reactjs.org/link/wrap-tests-with-act
    at CreateCohortPage (/app/app/(admin)/console/interventions/cohorts/create/page.tsx:23:49)

[90mstderr[2m | __tests__/admin/CreateCohortPage.test.tsx[2m > [22m[2mCreateCohortPage[2m > [22m[2mblocks next step when end date is before start date[22m[39m
Warning: An update to CreateCohortPage inside a test was not wrapped in act(...).

When testing, code that causes React state updates should be wrapped into act(...):

act(() => {
  /* fire events that update state */
});
/* assert on the output */

This ensures that you're testing the behavior the user would see in the browser. Learn more at https://reactjs.org/link/wrap-tests-with-act
    at CreateCohortPage (/app/app/(admin)/console/interventions/cohorts/create/page.tsx:23:49)

[90mstderr[2m | __tests__/admin/CreateCohortPage.test.tsx[2m > [22m[2mCreateCohortPage[2m > [22m[2mblocks next step when end date is before start date[22m[39m
Warning: An update to CreateCohortPage inside a test was not wrapped in act(...).

When testing, code that causes React state updates should be wrapped into act(...):

act(() => {
  /* fire events that update state */
});
/* assert on the output */

This ensures that you're testing the behavior the user would see in the browser. Learn more at https://reactjs.org/link/wrap-tests-with-act
    at CreateCohortPage (/app/app/(admin)/console/interventions/cohorts/create/page.tsx:23:49)

[90mstderr[2m | __tests__/admin/CreateCohortPage.test.tsx[2m > [22m[2mCreateCohortPage[2m > [22m[2mblocks next step when end date is before start date[22m[39m
Warning: An update to CreateCohortPage inside a test was not wrapped in act(...).

When testing, code that causes React state updates should be wrapped into act(...):

act(() => {
  /* fire events that update state */
});
/* assert on the output */

This ensures that you're testing the behavior the user would see in the browser. Learn more at https://reactjs.org/link/wrap-tests-with-act
    at CreateCohortPage (/app/app/(admin)/console/interventions/cohorts/create/page.tsx:23:49)

[90mstderr[2m | __tests__/admin/CreateCohortPage.test.tsx[2m > [22m[2mCreateCohortPage[2m > [22m[2mblocks next step when end date is before start date[22m[39m
Warning: An update to CreateCohortPage inside a test was not wrapped in act(...).

When testing, code that causes React state updates should be wrapped into act(...):

act(() => {
  /* fire events that update state */
});
/* assert on the output */

This ensures that you're testing the behavior the user would see in the browser. Learn more at https://reactjs.org/link/wrap-tests-with-act
    at CreateCohortPage (/app/app/(admin)/console/interventions/cohorts/create/page.tsx:23:49)

[90mstderr[2m | __tests__/admin/CreateCohortPage.test.tsx[2m > [22m[2mCreateCohortPage[2m > [22m[2mblocks next step when end date is before start date[22m[39m
Warning: An update to CreateCohortPage inside a test was not wrapped in act(...).

When testing, code that causes React state updates should be wrapped into act(...):

act(() => {
  /* fire events that update state */
});
/* assert on the output */

This ensures that you're testing the behavior the user would see in the browser. Learn more at https://reactjs.org/link/wrap-tests-with-act
    at CreateCohortPage (/app/app/(admin)/console/interventions/cohorts/create/page.tsx:23:49)

[90mstderr[2m | __tests__/admin/CreateCohortPage.test.tsx[2m > [22m[2mCreateCohortPage[2m > [22m[2mblocks next step when end date is before start date[22m[39m
Warning: An update to CreateCohortPage inside a test was not wrapped in act(...).

When testing, code that causes React state updates should be wrapped into act(...):

act(() => {
  /* fire events that update state */
});
/* assert on the output */

This ensures that you're testing the behavior the user would see in the browser. Learn more at https://reactjs.org/link/wrap-tests-with-act
    at CreateCohortPage (/app/app/(admin)/console/interventions/cohorts/create/page.tsx:23:49)

[90mstderr[2m | __tests__/admin/CreateCohortPage.test.tsx[2m > [22m[2mCreateCohortPage[2m > [22m[2mblocks next step when end date is before start date[22m[39m
Warning: An update to CreateCohortPage inside a test was not wrapped in act(...).

When testing, code that causes React state updates should be wrapped into act(...):

act(() => {
  /* fire events that update state */
});
/* assert on the output */

This ensures that you're testing the behavior the user would see in the browser. Learn more at https://reactjs.org/link/wrap-tests-with-act
    at CreateCohortPage (/app/app/(admin)/console/interventions/cohorts/create/page.tsx:23:49)

[90mstderr[2m | __tests__/admin/CreateCohortPage.test.tsx[2m > [22m[2mCreateCohortPage[2m > [22m[2mblocks next step when end date is before start date[22m[39m
Warning: An update to CreateCohortPage inside a test was not wrapped in act(...).

When testing, code that causes React state updates should be wrapped into act(...):

act(() => {
  /* fire events that update state */
});
/* assert on the output */

This ensures that you're testing the behavior the user would see in the browser. Learn more at https://reactjs.org/link/wrap-tests-with-act
    at CreateCohortPage (/app/app/(admin)/console/interventions/cohorts/create/page.tsx:23:49)

[90mstderr[2m | __tests__/admin/CreateCohortPage.test.tsx[2m > [22m[2mCreateCohortPage[2m > [22m[2mblocks next step when end date is before start date[22m[39m
Warning: An update to CreateCohortPage inside a test was not wrapped in act(...).

When testing, code that causes React state updates should be wrapped into act(...):

act(() => {
  /* fire events that update state */
});
/* assert on the output */

This ensures that you're testing the behavior the user would see in the browser. Learn more at https://reactjs.org/link/wrap-tests-with-act
    at CreateCohortPage (/app/app/(admin)/console/interventions/cohorts/create/page.tsx:23:49)
Warning: An update to CreateCohortPage inside a test was not wrapped in act(...).

When testing, code that causes React state updates should be wrapped into act(...):

act(() => {
  /* fire events that update state */
});
/* assert on the output */

This ensures that you're testing the behavior the user would see in the browser. Learn more at https://reactjs.org/link/wrap-tests-with-act
    at CreateCohortPage (/app/app/(admin)/console/interventions/cohorts/create/page.tsx:23:49)

[90mstderr[2m | __tests__/admin/CreateCohortPage.test.tsx[2m > [22m[2mCreateCohortPage[2m > [22m[2mvalidates treatment size cannot exceed total size[22m[39m
Warning: An update to CreateCohortPage inside a test was not wrapped in act(...).

When testing, code that causes React state updates should be wrapped into act(...):

act(() => {
  /* fire events that update state */
});
/* assert on the output */

This ensures that you're testing the behavior the user would see in the browser. Learn more at https://reactjs.org/link/wrap-tests-with-act
    at CreateCohortPage (/app/app/(admin)/console/interventions/cohorts/create/page.tsx:23:49)

[90mstderr[2m | __tests__/admin/CreateCohortPage.test.tsx[2m > [22m[2mCreateCohortPage[2m > [22m[2mvalidates treatment size cannot exceed total size[22m[39m
Warning: An update to CreateCohortPage inside a test was not wrapped in act(...).

When testing, code that causes React state updates should be wrapped into act(...):

act(() => {
  /* fire events that update state */
});
/* assert on the output */

This ensures that you're testing the behavior the user would see in the browser. Learn more at https://reactjs.org/link/wrap-tests-with-act
    at CreateCohortPage (/app/app/(admin)/console/interventions/cohorts/create/page.tsx:23:49)

[90mstderr[2m | __tests__/admin/CreateCohortPage.test.tsx[2m > [22m[2mCreateCohortPage[2m > [22m[2mvalidates treatment size cannot exceed total size[22m[39m
Warning: An update to CreateCohortPage inside a test was not wrapped in act(...).

When testing, code that causes React state updates should be wrapped into act(...):

act(() => {
  /* fire events that update state */
});
/* assert on the output */

This ensures that you're testing the behavior the user would see in the browser. Learn more at https://reactjs.org/link/wrap-tests-with-act
    at CreateCohortPage (/app/app/(admin)/console/interventions/cohorts/create/page.tsx:23:49)

[90mstderr[2m | __tests__/admin/CreateCohortPage.test.tsx[2m > [22m[2mCreateCohortPage[2m > [22m[2mvalidates treatment size cannot exceed total size[22m[39m
Warning: An update to CreateCohortPage inside a test was not wrapped in act(...).

When testing, code that causes React state updates should be wrapped into act(...):

act(() => {
  /* fire events that update state */
});
/* assert on the output */

This ensures that you're testing the behavior the user would see in the browser. Learn more at https://reactjs.org/link/wrap-tests-with-act
    at CreateCohortPage (/app/app/(admin)/console/interventions/cohorts/create/page.tsx:23:49)

[90mstderr[2m | __tests__/admin/CreateCohortPage.test.tsx[2m > [22m[2mCreateCohortPage[2m > [22m[2mvalidates treatment size cannot exceed total size[22m[39m
Warning: An update to CreateCohortPage inside a test was not wrapped in act(...).

When testing, code that causes React state updates should be wrapped into act(...):

act(() => {
  /* fire events that update state */
});
/* assert on the output */

This ensures that you're testing the behavior the user would see in the browser. Learn more at https://reactjs.org/link/wrap-tests-with-act
    at CreateCohortPage (/app/app/(admin)/console/interventions/cohorts/create/page.tsx:23:49)

[90mstderr[2m | __tests__/admin/CreateCohortPage.test.tsx[2m > [22m[2mCreateCohortPage[2m > [22m[2mvalidates treatment size cannot exceed total size[22m[39m
Warning: An update to CreateCohortPage inside a test was not wrapped in act(...).

When testing, code that causes React state updates should be wrapped into act(...):

act(() => {
  /* fire events that update state */
});
/* assert on the output */

This ensures that you're testing the behavior the user would see in the browser. Learn more at https://reactjs.org/link/wrap-tests-with-act
    at CreateCohortPage (/app/app/(admin)/console/interventions/cohorts/create/page.tsx:23:49)

[90mstderr[2m | __tests__/admin/CreateCohortPage.test.tsx[2m > [22m[2mCreateCohortPage[2m > [22m[2mvalidates treatment size cannot exceed total size[22m[39m
Warning: An update to CreateCohortPage inside a test was not wrapped in act(...).

When testing, code that causes React state updates should be wrapped into act(...):

act(() => {
  /* fire events that update state */
});
/* assert on the output */

This ensures that you're testing the behavior the user would see in the browser. Learn more at https://reactjs.org/link/wrap-tests-with-act
    at CreateCohortPage (/app/app/(admin)/console/interventions/cohorts/create/page.tsx:23:49)

[90mstderr[2m | __tests__/admin/CreateCohortPage.test.tsx[2m > [22m[2mCreateCohortPage[2m > [22m[2mvalidates treatment size cannot exceed total size[22m[39m
Warning: An update to CreateCohortPage inside a test was not wrapped in act(...).

When testing, code that causes React state updates should be wrapped into act(...):

act(() => {
  /* fire events that update state */
});
/* assert on the output */

This ensures that you're testing the behavior the user would see in the browser. Learn more at https://reactjs.org/link/wrap-tests-with-act
    at CreateCohortPage (/app/app/(admin)/console/interventions/cohorts/create/page.tsx:23:49)

[90mstderr[2m | __tests__/admin/CreateCohortPage.test.tsx[2m > [22m[2mCreateCohortPage[2m > [22m[2mvalidates treatment size cannot exceed total size[22m[39m
Warning: An update to CreateCohortPage inside a test was not wrapped in act(...).

When testing, code that causes React state updates should be wrapped into act(...):

act(() => {
  /* fire events that update state */
});
/* assert on the output */

This ensures that you're testing the behavior the user would see in the browser. Learn more at https://reactjs.org/link/wrap-tests-with-act
    at CreateCohortPage (/app/app/(admin)/console/interventions/cohorts/create/page.tsx:23:49)

[90mstderr[2m | __tests__/admin/CreateCohortPage.test.tsx[2m > [22m[2mCreateCohortPage[2m > [22m[2mvalidates treatment size cannot exceed total size[22m[39m
Warning: An update to CreateCohortPage inside a test was not wrapped in act(...).

When testing, code that causes React state updates should be wrapped into act(...):

act(() => {
  /* fire events that update state */
});
/* assert on the output */

This ensures that you're testing the behavior the user would see in the browser. Learn more at https://reactjs.org/link/wrap-tests-with-act
    at CreateCohortPage (/app/app/(admin)/console/interventions/cohorts/create/page.tsx:23:49)

[90mstderr[2m | __tests__/admin/CreateCohortPage.test.tsx[2m > [22m[2mCreateCohortPage[2m > [22m[2mvalidates treatment size cannot exceed total size[22m[39m
Warning: An update to CreateCohortPage inside a test was not wrapped in act(...).

When testing, code that causes React state updates should be wrapped into act(...):

act(() => {
  /* fire events that update state */
});
/* assert on the output */

This ensures that you're testing the behavior the user would see in the browser. Learn more at https://reactjs.org/link/wrap-tests-with-act
    at CreateCohortPage (/app/app/(admin)/console/interventions/cohorts/create/page.tsx:23:49)

[90mstderr[2m | __tests__/admin/CreateCohortPage.test.tsx[2m > [22m[2mCreateCohortPage[2m > [22m[2mvalidates treatment size cannot exceed total size[22m[39m
Warning: An update to CreateCohortPage inside a test was not wrapped in act(...).

When testing, code that causes React state updates should be wrapped into act(...):

act(() => {
  /* fire events that update state */
});
/* assert on the output */

This ensures that you're testing the behavior the user would see in the browser. Learn more at https://reactjs.org/link/wrap-tests-with-act
    at CreateCohortPage (/app/app/(admin)/console/interventions/cohorts/create/page.tsx:23:49)

[90mstderr[2m | __tests__/admin/CreateCohortPage.test.tsx[2m > [22m[2mCreateCohortPage[2m > [22m[2mvalidates treatment size cannot exceed total size[22m[39m
Warning: An update to CreateCohortPage inside a test was not wrapped in act(...).

When testing, code that causes React state updates should be wrapped into act(...):

act(() => {
  /* fire events that update state */
});
/* assert on the output */

This ensures that you're testing the behavior the user would see in the browser. Learn more at https://reactjs.org/link/wrap-tests-with-act
    at CreateCohortPage (/app/app/(admin)/console/interventions/cohorts/create/page.tsx:23:49)

[90mstderr[2m | __tests__/admin/CreateCohortPage.test.tsx[2m > [22m[2mCreateCohortPage[2m > [22m[2mvalidates treatment size cannot exceed total size[22m[39m
Warning: An update to CreateCohortPage inside a test was not wrapped in act(...).

When testing, code that causes React state updates should be wrapped into act(...):

act(() => {
  /* fire events that update state */
});
/* assert on the output */

This ensures that you're testing the behavior the user would see in the browser. Learn more at https://reactjs.org/link/wrap-tests-with-act
    at CreateCohortPage (/app/app/(admin)/console/interventions/cohorts/create/page.tsx:23:49)

[90mstderr[2m | __tests__/admin/CreateCohortPage.test.tsx[2m > [22m[2mCreateCohortPage[2m > [22m[2mvalidates treatment size cannot exceed total size[22m[39m
Warning: An update to CreateCohortPage inside a test was not wrapped in act(...).

When testing, code that causes React state updates should be wrapped into act(...):

act(() => {
  /* fire events that update state */
});
/* assert on the output */

This ensures that you're testing the behavior the user would see in the browser. Learn more at https://reactjs.org/link/wrap-tests-with-act
    at CreateCohortPage (/app/app/(admin)/console/interventions/cohorts/create/page.tsx:23:49)

[90mstderr[2m | __tests__/admin/CreateCohortPage.test.tsx[2m > [22m[2mCreateCohortPage[2m > [22m[2mvalidates treatment size cannot exceed total size[22m[39m
Warning: An update to CreateCohortPage inside a test was not wrapped in act(...).

When testing, code that causes React state updates should be wrapped into act(...):

act(() => {
  /* fire events that update state */
});
/* assert on the output */

This ensures that you're testing the behavior the user would see in the browser. Learn more at https://reactjs.org/link/wrap-tests-with-act
    at CreateCohortPage (/app/app/(admin)/console/interventions/cohorts/create/page.tsx:23:49)

[90mstderr[2m | __tests__/admin/CreateCohortPage.test.tsx[2m > [22m[2mCreateCohortPage[2m > [22m[2mvalidates treatment size cannot exceed total size[22m[39m
Warning: An update to CreateCohortPage inside a test was not wrapped in act(...).

When testing, code that causes React state updates should be wrapped into act(...):

act(() => {
  /* fire events that update state */
});
/* assert on the output */

This ensures that you're testing the behavior the user would see in the browser. Learn more at https://reactjs.org/link/wrap-tests-with-act
    at CreateCohortPage (/app/app/(admin)/console/interventions/cohorts/create/page.tsx:23:49)
Warning: An update to CreateCohortPage inside a test was not wrapped in act(...).

When testing, code that causes React state updates should be wrapped into act(...):

act(() => {
  /* fire events that update state */
});
/* assert on the output */

This ensures that you're testing the behavior the user would see in the browser. Learn more at https://reactjs.org/link/wrap-tests-with-act
    at CreateCohortPage (/app/app/(admin)/console/interventions/cohorts/create/page.tsx:23:49)

[90mstderr[2m | __tests__/admin/CreateCohortPage.test.tsx[2m > [22m[2mCreateCohortPage[2m > [22m[2mvalidates treatment size cannot exceed total size[22m[39m
Warning: An update to CreateCohortPage inside a test was not wrapped in act(...).

When testing, code that causes React state updates should be wrapped into act(...):

act(() => {
  /* fire events that update state */
});
/* assert on the output */

This ensures that you're testing the behavior the user would see in the browser. Learn more at https://reactjs.org/link/wrap-tests-with-act
    at CreateCohortPage (/app/app/(admin)/console/interventions/cohorts/create/page.tsx:23:49)

[90mstderr[2m | __tests__/admin/CreateCohortPage.test.tsx[2m > [22m[2mCreateCohortPage[2m > [22m[2mvalidates treatment size cannot exceed total size[22m[39m
Warning: An update to CreateCohortPage inside a test was not wrapped in act(...).

When testing, code that causes React state updates should be wrapped into act(...):

act(() => {
  /* fire events that update state */
});
/* assert on the output */

This ensures that you're testing the behavior the user would see in the browser. Learn more at https://reactjs.org/link/wrap-tests-with-act
    at CreateCohortPage (/app/app/(admin)/console/interventions/cohorts/create/page.tsx:23:49)

[90mstderr[2m | __tests__/admin/CreateCohortPage.test.tsx[2m > [22m[2mCreateCohortPage[2m > [22m[2mvalidates treatment size cannot exceed total size[22m[39m
Warning: An update to CreateCohortPage inside a test was not wrapped in act(...).

When testing, code that causes React state updates should be wrapped into act(...):

act(() => {
  /* fire events that update state */
});
/* assert on the output */

This ensures that you're testing the behavior the user would see in the browser. Learn more at https://reactjs.org/link/wrap-tests-with-act
    at CreateCohortPage (/app/app/(admin)/console/interventions/cohorts/create/page.tsx:23:49)

[90mstderr[2m | __tests__/admin/CreateCohortPage.test.tsx[2m > [22m[2mCreateCohortPage[2m > [22m[2mvalidates treatment size cannot exceed total size[22m[39m
Warning: An update to CreateCohortPage inside a test was not wrapped in act(...).

When testing, code that causes React state updates should be wrapped into act(...):

act(() => {
  /* fire events that update state */
});
/* assert on the output */

This ensures that you're testing the behavior the user would see in the browser. Learn more at https://reactjs.org/link/wrap-tests-with-act
    at CreateCohortPage (/app/app/(admin)/console/interventions/cohorts/create/page.tsx:23:49)

[90mstderr[2m | __tests__/admin/CreateCohortPage.test.tsx[2m > [22m[2mCreateCohortPage[2m > [22m[2mvalidates treatment size cannot exceed total size[22m[39m
Warning: An update to CreateCohortPage inside a test was not wrapped in act(...).

When testing, code that causes React state updates should be wrapped into act(...):

act(() => {
  /* fire events that update state */
});
/* assert on the output */

This ensures that you're testing the behavior the user would see in the browser. Learn more at https://reactjs.org/link/wrap-tests-with-act
    at CreateCohortPage (/app/app/(admin)/console/interventions/cohorts/create/page.tsx:23:49)
Warning: An update to CreateCohortPage inside a test was not wrapped in act(...).

When testing, code that causes React state updates should be wrapped into act(...):

act(() => {
  /* fire events that update state */
});
/* assert on the output */

This ensures that you're testing the behavior the user would see in the browser. Learn more at https://reactjs.org/link/wrap-tests-with-act
    at CreateCohortPage (/app/app/(admin)/console/interventions/cohorts/create/page.tsx:23:49)

[90mstderr[2m | __tests__/admin/CreateCohortPage.test.tsx[2m > [22m[2mCreateCohortPage[2m > [22m[2msubmits valid flow and redirects to detail page[22m[39m
Warning: An update to CreateCohortPage inside a test was not wrapped in act(...).

When testing, code that causes React state updates should be wrapped into act(...):

act(() => {
  /* fire events that update state */
});
/* assert on the output */

This ensures that you're testing the behavior the user would see in the browser. Learn more at https://reactjs.org/link/wrap-tests-with-act
    at CreateCohortPage (/app/app/(admin)/console/interventions/cohorts/create/page.tsx:23:49)

[90mstderr[2m | __tests__/admin/CreateCohortPage.test.tsx[2m > [22m[2mCreateCohortPage[2m > [22m[2msubmits valid flow and redirects to detail page[22m[39m
Warning: An update to CreateCohortPage inside a test was not wrapped in act(...).

When testing, code that causes React state updates should be wrapped into act(...):

act(() => {
  /* fire events that update state */
});
/* assert on the output */

This ensures that you're testing the behavior the user would see in the browser. Learn more at https://reactjs.org/link/wrap-tests-with-act
    at CreateCohortPage (/app/app/(admin)/console/interventions/cohorts/create/page.tsx:23:49)

[90mstderr[2m | __tests__/admin/CreateCohortPage.test.tsx[2m > [22m[2mCreateCohortPage[2m > [22m[2msubmits valid flow and redirects to detail page[22m[39m
Warning: An update to CreateCohortPage inside a test was not wrapped in act(...).

When testing, code that causes React state updates should be wrapped into act(...):

act(() => {
  /* fire events that update state */
});
/* assert on the output */

This ensures that you're testing the behavior the user would see in the browser. Learn more at https://reactjs.org/link/wrap-tests-with-act
    at CreateCohortPage (/app/app/(admin)/console/interventions/cohorts/create/page.tsx:23:49)

[90mstderr[2m | __tests__/admin/CreateCohortPage.test.tsx[2m > [22m[2mCreateCohortPage[2m > [22m[2msubmits valid flow and redirects to detail page[22m[39m
Warning: An update to CreateCohortPage inside a test was not wrapped in act(...).

When testing, code that causes React state updates should be wrapped into act(...):

act(() => {
  /* fire events that update state */
});
/* assert on the output */

This ensures that you're testing the behavior the user would see in the browser. Learn more at https://reactjs.org/link/wrap-tests-with-act
    at CreateCohortPage (/app/app/(admin)/console/interventions/cohorts/create/page.tsx:23:49)

[90mstderr[2m | __tests__/admin/CreateCohortPage.test.tsx[2m > [22m[2mCreateCohortPage[2m > [22m[2msubmits valid flow and redirects to detail page[22m[39m
Warning: An update to CreateCohortPage inside a test was not wrapped in act(...).

When testing, code that causes React state updates should be wrapped into act(...):

act(() => {
  /* fire events that update state */
});
/* assert on the output */

This ensures that you're testing the behavior the user would see in the browser. Learn more at https://reactjs.org/link/wrap-tests-with-act
    at CreateCohortPage (/app/app/(admin)/console/interventions/cohorts/create/page.tsx:23:49)

[90mstderr[2m | __tests__/admin/CreateCohortPage.test.tsx[2m > [22m[2mCreateCohortPage[2m > [22m[2msubmits valid flow and redirects to detail page[22m[39m
Warning: An update to CreateCohortPage inside a test was not wrapped in act(...).

When testing, code that causes React state updates should be wrapped into act(...):

act(() => {
  /* fire events that update state */
});
/* assert on the output */

This ensures that you're testing the behavior the user would see in the browser. Learn more at https://reactjs.org/link/wrap-tests-with-act
    at CreateCohortPage (/app/app/(admin)/console/interventions/cohorts/create/page.tsx:23:49)

[90mstderr[2m | __tests__/admin/CreateCohortPage.test.tsx[2m > [22m[2mCreateCohortPage[2m > [22m[2msubmits valid flow and redirects to detail page[22m[39m
Warning: An update to CreateCohortPage inside a test was not wrapped in act(...).

When testing, code that causes React state updates should be wrapped into act(...):

act(() => {
  /* fire events that update state */
});
/* assert on the output */

This ensures that you're testing the behavior the user would see in the browser. Learn more at https://reactjs.org/link/wrap-tests-with-act
    at CreateCohortPage (/app/app/(admin)/console/interventions/cohorts/create/page.tsx:23:49)

[90mstderr[2m | __tests__/admin/CreateCohortPage.test.tsx[2m > [22m[2mCreateCohortPage[2m > [22m[2msubmits valid flow and redirects to detail page[22m[39m
Warning: An update to CreateCohortPage inside a test was not wrapped in act(...).

When testing, code that causes React state updates should be wrapped into act(...):

act(() => {
  /* fire events that update state */
});
/* assert on the output */

This ensures that you're testing the behavior the user would see in the browser. Learn more at https://reactjs.org/link/wrap-tests-with-act
    at CreateCohortPage (/app/app/(admin)/console/interventions/cohorts/create/page.tsx:23:49)

[90mstderr[2m | __tests__/admin/CreateCohortPage.test.tsx[2m > [22m[2mCreateCohortPage[2m > [22m[2msubmits valid flow and redirects to detail page[22m[39m
Warning: An update to CreateCohortPage inside a test was not wrapped in act(...).

When testing, code that causes React state updates should be wrapped into act(...):

act(() => {
  /* fire events that update state */
});
/* assert on the output */

This ensures that you're testing the behavior the user would see in the browser. Learn more at https://reactjs.org/link/wrap-tests-with-act
    at CreateCohortPage (/app/app/(admin)/console/interventions/cohorts/create/page.tsx:23:49)

[90mstderr[2m | __tests__/admin/CreateCohortPage.test.tsx[2m > [22m[2mCreateCohortPage[2m > [22m[2msubmits valid flow and redirects to detail page[22m[39m
Warning: An update to CreateCohortPage inside a test was not wrapped in act(...).

When testing, code that causes React state updates should be wrapped into act(...):

act(() => {
  /* fire events that update state */
});
/* assert on the output */

This ensures that you're testing the behavior the user would see in the browser. Learn more at https://reactjs.org/link/wrap-tests-with-act
    at CreateCohortPage (/app/app/(admin)/console/interventions/cohorts/create/page.tsx:23:49)

[90mstderr[2m | __tests__/admin/CreateCohortPage.test.tsx[2m > [22m[2mCreateCohortPage[2m > [22m[2msubmits valid flow and redirects to detail page[22m[39m
Warning: An update to CreateCohortPage inside a test was not wrapped in act(...).

When testing, code that causes React state updates should be wrapped into act(...):

act(() => {
  /* fire events that update state */
});
/* assert on the output */

This ensures that you're testing the behavior the user would see in the browser. Learn more at https://reactjs.org/link/wrap-tests-with-act
    at CreateCohortPage (/app/app/(admin)/console/interventions/cohorts/create/page.tsx:23:49)

[90mstderr[2m | __tests__/admin/CreateCohortPage.test.tsx[2m > [22m[2mCreateCohortPage[2m > [22m[2msubmits valid flow and redirects to detail page[22m[39m
Warning: An update to CreateCohortPage inside a test was not wrapped in act(...).

When testing, code that causes React state updates should be wrapped into act(...):

act(() => {
  /* fire events that update state */
});
/* assert on the output */

This ensures that you're testing the behavior the user would see in the browser. Learn more at https://reactjs.org/link/wrap-tests-with-act
    at CreateCohortPage (/app/app/(admin)/console/interventions/cohorts/create/page.tsx:23:49)

[90mstderr[2m | __tests__/admin/CreateCohortPage.test.tsx[2m > [22m[2mCreateCohortPage[2m > [22m[2msubmits valid flow and redirects to detail page[22m[39m
Warning: An update to CreateCohortPage inside a test was not wrapped in act(...).

When testing, code that causes React state updates should be wrapped into act(...):

act(() => {
  /* fire events that update state */
});
/* assert on the output */

This ensures that you're testing the behavior the user would see in the browser. Learn more at https://reactjs.org/link/wrap-tests-with-act
    at CreateCohortPage (/app/app/(admin)/console/interventions/cohorts/create/page.tsx:23:49)

[90mstderr[2m | __tests__/admin/CreateCohortPage.test.tsx[2m > [22m[2mCreateCohortPage[2m > [22m[2msubmits valid flow and redirects to detail page[22m[39m
Warning: An update to CreateCohortPage inside a test was not wrapped in act(...).

When testing, code that causes React state updates should be wrapped into act(...):

act(() => {
  /* fire events that update state */
});
/* assert on the output */

This ensures that you're testing the behavior the user would see in the browser. Learn more at https://reactjs.org/link/wrap-tests-with-act
    at CreateCohortPage (/app/app/(admin)/console/interventions/cohorts/create/page.tsx:23:49)

[90mstderr[2m | __tests__/admin/CreateCohortPage.test.tsx[2m > [22m[2mCreateCohortPage[2m > [22m[2msubmits valid flow and redirects to detail page[22m[39m
Warning: An update to CreateCohortPage inside a test was not wrapped in act(...).

When testing, code that causes React state updates should be wrapped into act(...):

act(() => {
  /* fire events that update state */
});
/* assert on the output */

This ensures that you're testing the behavior the user would see in the browser. Learn more at https://reactjs.org/link/wrap-tests-with-act
    at CreateCohortPage (/app/app/(admin)/console/interventions/cohorts/create/page.tsx:23:49)

[90mstderr[2m | __tests__/admin/CreateCohortPage.test.tsx[2m > [22m[2mCreateCohortPage[2m > [22m[2msubmits valid flow and redirects to detail page[22m[39m
Warning: An update to CreateCohortPage inside a test was not wrapped in act(...).

When testing, code that causes React state updates should be wrapped into act(...):

act(() => {
  /* fire events that update state */
});
/* assert on the output */

This ensures that you're testing the behavior the user would see in the browser. Learn more at https://reactjs.org/link/wrap-tests-with-act
    at CreateCohortPage (/app/app/(admin)/console/interventions/cohorts/create/page.tsx:23:49)

[90mstderr[2m | __tests__/admin/CreateCohortPage.test.tsx[2m > [22m[2mCreateCohortPage[2m > [22m[2msubmits valid flow and redirects to detail page[22m[39m
Warning: An update to CreateCohortPage inside a test was not wrapped in act(...).

When testing, code that causes React state updates should be wrapped into act(...):

act(() => {
  /* fire events that update state */
});
/* assert on the output */

This ensures that you're testing the behavior the user would see in the browser. Learn more at https://reactjs.org/link/wrap-tests-with-act
    at CreateCohortPage (/app/app/(admin)/console/interventions/cohorts/create/page.tsx:23:49)

[90mstderr[2m | __tests__/admin/CreateCohortPage.test.tsx[2m > [22m[2mCreateCohortPage[2m > [22m[2msubmits valid flow and redirects to detail page[22m[39m
Warning: An update to CreateCohortPage inside a test was not wrapped in act(...).

When testing, code that causes React state updates should be wrapped into act(...):

act(() => {
  /* fire events that update state */
});
/* assert on the output */

This ensures that you're testing the behavior the user would see in the browser. Learn more at https://reactjs.org/link/wrap-tests-with-act
    at CreateCohortPage (/app/app/(admin)/console/interventions/cohorts/create/page.tsx:23:49)

[90mstderr[2m | __tests__/admin/CreateCohortPage.test.tsx[2m > [22m[2mCreateCohortPage[2m > [22m[2msubmits valid flow and redirects to detail page[22m[39m
Warning: An update to CreateCohortPage inside a test was not wrapped in act(...).

When testing, code that causes React state updates should be wrapped into act(...):

act(() => {
  /* fire events that update state */
});
/* assert on the output */

This ensures that you're testing the behavior the user would see in the browser. Learn more at https://reactjs.org/link/wrap-tests-with-act
    at CreateCohortPage (/app/app/(admin)/console/interventions/cohorts/create/page.tsx:23:49)

[90mstderr[2m | __tests__/admin/CreateCohortPage.test.tsx[2m > [22m[2mCreateCohortPage[2m > [22m[2msubmits valid flow and redirects to detail page[22m[39m
Warning: An update to CreateCohortPage inside a test was not wrapped in act(...).

When testing, code that causes React state updates should be wrapped into act(...):

act(() => {
  /* fire events that update state */
});
/* assert on the output */

This ensures that you're testing the behavior the user would see in the browser. Learn more at https://reactjs.org/link/wrap-tests-with-act
    at CreateCohortPage (/app/app/(admin)/console/interventions/cohorts/create/page.tsx:23:49)

[90mstderr[2m | __tests__/admin/CreateCohortPage.test.tsx[2m > [22m[2mCreateCohortPage[2m > [22m[2msubmits valid flow and redirects to detail page[22m[39m
Warning: An update to CreateCohortPage inside a test was not wrapped in act(...).

When testing, code that causes React state updates should be wrapped into act(...):

act(() => {
  /* fire events that update state */
});
/* assert on the output */

This ensures that you're testing the behavior the user would see in the browser. Learn more at https://reactjs.org/link/wrap-tests-with-act
    at CreateCohortPage (/app/app/(admin)/console/interventions/cohorts/create/page.tsx:23:49)

[90mstderr[2m | __tests__/admin/CreateCohortPage.test.tsx[2m > [22m[2mCreateCohortPage[2m > [22m[2msubmits valid flow and redirects to detail page[22m[39m
Warning: An update to CreateCohortPage inside a test was not wrapped in act(...).

When testing, code that causes React state updates should be wrapped into act(...):

act(() => {
  /* fire events that update state */
});
/* assert on the output */

This ensures that you're testing the behavior the user would see in the browser. Learn more at https://reactjs.org/link/wrap-tests-with-act
    at CreateCohortPage (/app/app/(admin)/console/interventions/cohorts/create/page.tsx:23:49)

[90mstderr[2m | __tests__/admin/CreateCohortPage.test.tsx[2m > [22m[2mCreateCohortPage[2m > [22m[2msubmits valid flow and redirects to detail page[22m[39m
Warning: An update to CreateCohortPage inside a test was not wrapped in act(...).

When testing, code that causes React state updates should be wrapped into act(...):

act(() => {
  /* fire events that update state */
});
/* assert on the output */

This ensures that you're testing the behavior the user would see in the browser. Learn more at https://reactjs.org/link/wrap-tests-with-act
    at CreateCohortPage (/app/app/(admin)/console/interventions/cohorts/create/page.tsx:23:49)
Warning: An update to CreateCohortPage inside a test was not wrapped in act(...).

When testing, code that causes React state updates should be wrapped into act(...):

act(() => {
  /* fire events that update state */
});
/* assert on the output */

This ensures that you're testing the behavior the user would see in the browser. Learn more at https://reactjs.org/link/wrap-tests-with-act
    at CreateCohortPage (/app/app/(admin)/console/interventions/cohorts/create/page.tsx:23:49)

[90mstderr[2m | __tests__/admin/CreateCohortPage.test.tsx[2m > [22m[2mCreateCohortPage[2m > [22m[2msubmits valid flow and redirects to detail page[22m[39m
Warning: An update to CreateCohortPage inside a test was not wrapped in act(...).

When testing, code that causes React state updates should be wrapped into act(...):

act(() => {
  /* fire events that update state */
});
/* assert on the output */

This ensures that you're testing the behavior the user would see in the browser. Learn more at https://reactjs.org/link/wrap-tests-with-act
    at CreateCohortPage (/app/app/(admin)/console/interventions/cohorts/create/page.tsx:23:49)

[90mstderr[2m | __tests__/admin/CreateCohortPage.test.tsx[2m > [22m[2mCreateCohortPage[2m > [22m[2msubmits valid flow and redirects to detail page[22m[39m
Warning: An update to CreateCohortPage inside a test was not wrapped in act(...).

When testing, code that causes React state updates should be wrapped into act(...):

act(() => {
  /* fire events that update state */
});
/* assert on the output */

This ensures that you're testing the behavior the user would see in the browser. Learn more at https://reactjs.org/link/wrap-tests-with-act
    at CreateCohortPage (/app/app/(admin)/console/interventions/cohorts/create/page.tsx:23:49)

[90mstderr[2m | __tests__/admin/CreateCohortPage.test.tsx[2m > [22m[2mCreateCohortPage[2m > [22m[2msubmits valid flow and redirects to detail page[22m[39m
Warning: An update to CreateCohortPage inside a test was not wrapped in act(...).

When testing, code that causes React state updates should be wrapped into act(...):

act(() => {
  /* fire events that update state */
});
/* assert on the output */

This ensures that you're testing the behavior the user would see in the browser. Learn more at https://reactjs.org/link/wrap-tests-with-act
    at CreateCohortPage (/app/app/(admin)/console/interventions/cohorts/create/page.tsx:23:49)

[90mstderr[2m | __tests__/admin/CreateCohortPage.test.tsx[2m > [22m[2mCreateCohortPage[2m > [22m[2msubmits valid flow and redirects to detail page[22m[39m
Warning: An update to CreateCohortPage inside a test was not wrapped in act(...).

When testing, code that causes React state updates should be wrapped into act(...):

act(() => {
  /* fire events that update state */
});
/* assert on the output */

This ensures that you're testing the behavior the user would see in the browser. Learn more at https://reactjs.org/link/wrap-tests-with-act
    at CreateCohortPage (/app/app/(admin)/console/interventions/cohorts/create/page.tsx:23:49)

[90mstderr[2m | __tests__/admin/CreateCohortPage.test.tsx[2m > [22m[2mCreateCohortPage[2m > [22m[2msubmits valid flow and redirects to detail page[22m[39m
Warning: An update to CreateCohortPage inside a test was not wrapped in act(...).

When testing, code that causes React state updates should be wrapped into act(...):

act(() => {
  /* fire events that update state */
});
/* assert on the output */

This ensures that you're testing the behavior the user would see in the browser. Learn more at https://reactjs.org/link/wrap-tests-with-act
    at CreateCohortPage (/app/app/(admin)/console/interventions/cohorts/create/page.tsx:23:49)
Warning: An update to CreateCohortPage inside a test was not wrapped in act(...).

When testing, code that causes React state updates should be wrapped into act(...):

act(() => {
  /* fire events that update state */
});
/* assert on the output */

This ensures that you're testing the behavior the user would see in the browser. Learn more at https://reactjs.org/link/wrap-tests-with-act
    at CreateCohortPage (/app/app/(admin)/console/interventions/cohorts/create/page.tsx:23:49)

[90mstderr[2m | __tests__/admin/CreateCohortPage.test.tsx[2m > [22m[2mCreateCohortPage[2m > [22m[2msubmits valid flow and redirects to detail page[22m[39m
Warning: An update to CreateCohortPage inside a test was not wrapped in act(...).

When testing, code that causes React state updates should be wrapped into act(...):

act(() => {
  /* fire events that update state */
});
/* assert on the output */

This ensures that you're testing the behavior the user would see in the browser. Learn more at https://reactjs.org/link/wrap-tests-with-act
    at CreateCohortPage (/app/app/(admin)/console/interventions/cohorts/create/page.tsx:23:49)

 [32m✓[39m __tests__/admin/CreateCohortPage.test.tsx [2m ([22m[2m3 tests[22m[2m)[22m[33m 649[2mms[22m[39m

[2m Test Files [22m [1m[32m1 passed[39m[22m[90m (1)[39m
[2m      Tests [22m [1m[32m3 passed[39m[22m[90m (3)[39m
[2m   Start at [22m 13:18:34
[2m   Duration [22m 1.42s[2m (transform 47ms, setup 89ms, collect 63ms, tests 649ms, environment 187ms, prepare 41ms)[22m

