.......................................                                  [100%]
=============================== warnings summary ===============================
.venv/lib64/python3.14/site-packages/pytest_asyncio/plugin.py:179: 1577 warnings
  /home/sbs/AI/backend/.venv/lib64/python3.14/site-packages/pytest_asyncio/plugin.py:179: DeprecationWarning: 'asyncio.iscoroutinefunction' is deprecated and slated for removal in Python 3.16; use inspect.iscoroutinefunction() instead
    return asyncio.iscoroutinefunction(obj) or inspect.isasyncgenfunction(obj)

.venv/lib64/python3.14/site-packages/pytest_asyncio/plugin.py:450: 39 warnings
  /home/sbs/AI/backend/.venv/lib64/python3.14/site-packages/pytest_asyncio/plugin.py:450: DeprecationWarning: 'asyncio.iscoroutinefunction' is deprecated and slated for removal in Python 3.16; use inspect.iscoroutinefunction() instead
    return asyncio.iscoroutinefunction(func)

tests/test_week144_domain_depth.py::TestW144Constants::test_active_statuses_dc_exists
  /home/sbs/AI/backend/.venv/lib64/python3.14/site-packages/pytest_asyncio/plugin.py:1056: DeprecationWarning: 'asyncio.get_event_loop_policy' is deprecated and slated for removal in Python 3.16
    return asyncio.get_event_loop_policy()

-- Docs: https://docs.pytest.org/en/stable/how-to/capture-warnings.html
39 passed, 1617 warnings in 0.08s
